---
source: tests/generator.rs
expression: "&golden"
---
About 1 file will be generated in approximately 1 directory distributed across a tree of maximum depth 0 where each directory contains approximately 0 other directories. Each file will contain approximately 100,000 bytes of random data.
Created 1 file (161.3 kB) across 0 directories.

/0

0x2a30ade908a5a9c6
